exports[`PresentationScreen component 1`] = `"{\"__ava_react_jsx\":{\"type\":\"div\",\"props\":{\"className\":\"SplitPane  horizontal \",\"style\":{\"display\":\"flex\",\"flex\":1,\"position\":\"absolute\",\"outline\":\"none\",\"overflow\":\"hidden\",\"MozUserSelect\":\"text\",\"WebkitUserSelect\":\"text\",\"msUserSelect\":\"text\",\"userSelect\":\"text\",\"flexDirection\":\"column\",\"height\":\"100%\",\"minHeight\":\"100%\",\"top\":0,\"bottom\":0,\"width\":\"100%\"}},\"children\":[{\"type\":\"div\",\"props\":{\"className\":\"Pane horizontal Pane1\",\"style\":{\"flex\":\"none\",\"position\":\"relative\",\"outline\":\"none\",\"height\":\"60%\",\"display\":\"flex\"}},\"children\":[{\"type\":\"div\",\"props\":{\"className\":\"SplitPane  vertical \",\"style\":{\"display\":\"flex\",\"flex\":1,\"position\":\"absolute\",\"outline\":\"none\",\"overflow\":\"hidden\",\"MozUserSelect\":\"text\",\"WebkitUserSelect\":\"text\",\"msUserSelect\":\"text\",\"userSelect\":\"text\",\"flexDirection\":\"row\",\"height\":\"100%\",\"left\":0,\"right\":0}},\"children\":[{\"type\":\"div\",\"props\":{\"className\":\"Pane vertical Pane1\",\"style\":{\"flex\":\"none\",\"position\":\"relative\",\"outline\":\"none\",\"width\":\"50%\"}},\"children\":[{\"type\":\"div\",\"props\":{\"id\":\"LEFT_INPUT\",\"style\":{\"width\":\"100%\",\"height\":\"100%\"}},\"children\":null}]},{\"type\":\"span\",\"props\":{\"className\":\"Resizer vertical \",\"style\":{}},\"children\":null},{\"type\":\"div\",\"props\":{\"className\":\"Pane vertical Pane2\",\"style\":{\"flex\":1,\"position\":\"relative\",\"outline\":\"none\"}},\"children\":[{\"type\":\"div\",\"props\":{\"id\":\"RIGHT_INPUT\",\"style\":{\"width\":\"100%\",\"height\":\"100%\"}},\"children\":null}]}]}]},{\"type\":\"span\",\"props\":{\"className\":\"Resizer horizontal \",\"style\":{}},\"children\":null},{\"type\":\"div\",\"props\":{\"className\":\"Pane horizontal Pane2\",\"style\":{\"flex\":1,\"position\":\"relative\",\"outline\":\"none\"}},\"children\":[{\"type\":\"div\",\"props\":{\"id\":\"DIFF_RESULT\",\"style\":{\"width\":\"100%\",\"height\":\"100%\"}},\"children\":null}]}]}}"`;
