exports[`InputLeft component 1`] = `"{\"__ava_react_jsx\":{\"type\":\"div\",\"props\":{\"id\":\"LEFT_INPUT\",\"style\":{\"width\":\"100%\",\"height\":\"100%\"}},\"children\":null}}"`;
